Testing AI Grading Agent...

[0] Creating test course...
Sending course creation request...
[SUCCESS] Course created: ID 7

[1] Enrolling in course...
Sending enrollment request...
[SUCCESS] Enrolled successfully

[2] Fetching project ID...
Sending get projects request...
[SUCCESS] Found project: ID 6

[3] Submitting charter...
Sending charter submission request for project 6...
[ERROR] Failed to submit charter: Internal Server Error
